// Vitest Snapshot v1, https://vitest.dev/guide/snapshot.html

exports[`Header test > snapshottest filterbar 1`] = `
{
  "asFragment": [Function],
  "baseElement": <body>
    <div>
      <div
        class="filterChips"
      >
        <h3>
          Kategori
        </h3>
        <div
          class="chips"
        >
          <div
            aria-label="Snacks & godteri"
            class="MuiButtonBase-root MuiChip-root MuiChip-outlined MuiChip-sizeMedium MuiChip-colorDefault MuiChip-clickable MuiChip-clickableColorDefault MuiChip-outlinedDefault css-1r3mz6a-MuiButtonBase-root-MuiChip-root"
            data-testid="Snacks & godteri"
            role="button"
            tabindex="0"
          >
            <i
              class="MuiChip-icon MuiChip-iconMedium MuiChip-iconColorDefault fi fi-rr-popcorn"
            />
            <span
              class="MuiChip-label MuiChip-labelMedium css-6od3lo-MuiChip-label"
            >
              Snacks & godteri
            </span>
            <span
              class="MuiTouchRipple-root css-8je8zh-MuiTouchRipple-root"
            />
          </div>
          <div
            aria-label="Personlige artikler"
            class="MuiButtonBase-root MuiChip-root MuiChip-outlined MuiChip-sizeMedium MuiChip-colorDefault MuiChip-clickable MuiChip-clickableColorDefault MuiChip-outlinedDefault css-1r3mz6a-MuiButtonBase-root-MuiChip-root"
            data-testid="Personlige artikler"
            role="button"
            tabindex="0"
          >
            <i
              class="MuiChip-icon MuiChip-iconMedium MuiChip-iconColorDefault fi fi-rr-soap"
            />
            <span
              class="MuiChip-label MuiChip-labelMedium css-6od3lo-MuiChip-label"
            >
              Personlige artikler
            </span>
            <span
              class="MuiTouchRipple-root css-8je8zh-MuiTouchRipple-root"
            />
          </div>
          <div
            aria-label="Kjøtt"
            class="MuiButtonBase-root MuiChip-root MuiChip-outlined MuiChip-sizeMedium MuiChip-colorDefault MuiChip-clickable MuiChip-clickableColorDefault MuiChip-outlinedDefault css-1r3mz6a-MuiButtonBase-root-MuiChip-root"
            data-testid="Kjøtt"
            role="button"
            tabindex="0"
          >
            <i
              class="MuiChip-icon MuiChip-iconMedium MuiChip-iconColorDefault fi fi-rr-meat"
            />
            <span
              class="MuiChip-label MuiChip-labelMedium css-6od3lo-MuiChip-label"
            >
              Kjøtt
            </span>
            <span
              class="MuiTouchRipple-root css-8je8zh-MuiTouchRipple-root"
            />
          </div>
          <div
            aria-label="Middag"
            class="MuiButtonBase-root MuiChip-root MuiChip-outlined MuiChip-sizeMedium MuiChip-colorDefault MuiChip-clickable MuiChip-clickableColorDefault MuiChip-outlinedDefault css-1r3mz6a-MuiButtonBase-root-MuiChip-root"
            data-testid="Middag"
            role="button"
            tabindex="0"
          >
            <i
              class="MuiChip-icon MuiChip-iconMedium MuiChip-iconColorDefault fi fi-rr-restaurant"
            />
            <span
              class="MuiChip-label MuiChip-labelMedium css-6od3lo-MuiChip-label"
            >
              Middag
            </span>
            <span
              class="MuiTouchRipple-root css-8je8zh-MuiTouchRipple-root"
            />
          </div>
          <div
            aria-label="Ost"
            class="MuiButtonBase-root MuiChip-root MuiChip-outlined MuiChip-sizeMedium MuiChip-colorDefault MuiChip-clickable MuiChip-clickableColorDefault MuiChip-outlinedDefault css-1r3mz6a-MuiButtonBase-root-MuiChip-root"
            data-testid="Ost"
            role="button"
            tabindex="0"
          >
            <i
              class="MuiChip-icon MuiChip-iconMedium MuiChip-iconColorDefault fi fi-rr-cheese"
            />
            <span
              class="MuiChip-label MuiChip-labelMedium css-6od3lo-MuiChip-label"
            >
              Ost
            </span>
            <span
              class="MuiTouchRipple-root css-8je8zh-MuiTouchRipple-root"
            />
          </div>
          <div
            aria-label="Dessert"
            class="MuiButtonBase-root MuiChip-root MuiChip-outlined MuiChip-sizeMedium MuiChip-colorDefault MuiChip-clickable MuiChip-clickableColorDefault MuiChip-outlinedDefault css-1r3mz6a-MuiButtonBase-root-MuiChip-root"
            data-testid="Dessert"
            role="button"
            tabindex="0"
          >
            <i
              class="MuiChip-icon MuiChip-iconMedium MuiChip-iconColorDefault fi fi-rs-pie"
            />
            <span
              class="MuiChip-label MuiChip-labelMedium css-6od3lo-MuiChip-label"
            >
              Dessert
            </span>
            <span
              class="MuiTouchRipple-root css-8je8zh-MuiTouchRipple-root"
            />
          </div>
          <div
            aria-label="Pålegg & frokost"
            class="MuiButtonBase-root MuiChip-root MuiChip-outlined MuiChip-sizeMedium MuiChip-colorDefault MuiChip-clickable MuiChip-clickableColorDefault MuiChip-outlinedDefault css-1r3mz6a-MuiButtonBase-root-MuiChip-root"
            data-testid="Pålegg & frokost"
            role="button"
            tabindex="0"
          >
            <i
              class="MuiChip-icon MuiChip-iconMedium MuiChip-iconColorDefault fi fi-rr-bread-slice"
            />
            <span
              class="MuiChip-label MuiChip-labelMedium css-6od3lo-MuiChip-label"
            >
              Pålegg & frokost
            </span>
            <span
              class="MuiTouchRipple-root css-8je8zh-MuiTouchRipple-root"
            />
          </div>
          <div
            aria-label="Middagstilbehør"
            class="MuiButtonBase-root MuiChip-root MuiChip-outlined MuiChip-sizeMedium MuiChip-colorDefault MuiChip-clickable MuiChip-clickableColorDefault MuiChip-outlinedDefault css-1r3mz6a-MuiButtonBase-root-MuiChip-root"
            data-testid="Middagstilbehør"
            role="button"
            tabindex="0"
          >
            <i
              class="MuiChip-icon MuiChip-iconMedium MuiChip-iconColorDefault fi fi-rr-sauce"
            />
            <span
              class="MuiChip-label MuiChip-labelMedium css-6od3lo-MuiChip-label"
            >
              Middagstilbehør
            </span>
            <span
              class="MuiTouchRipple-root css-8je8zh-MuiTouchRipple-root"
            />
          </div>
          <div
            aria-label="Drikke"
            class="MuiButtonBase-root MuiChip-root MuiChip-outlined MuiChip-sizeMedium MuiChip-colorDefault MuiChip-clickable MuiChip-clickableColorDefault MuiChip-outlinedDefault css-1r3mz6a-MuiButtonBase-root-MuiChip-root"
            data-testid="Drikke"
            role="button"
            tabindex="0"
          >
            <i
              class="MuiChip-icon MuiChip-iconMedium MuiChip-iconColorDefault fi fi-rr-drink-alt"
            />
            <span
              class="MuiChip-label MuiChip-labelMedium css-6od3lo-MuiChip-label"
            >
              Drikke
            </span>
            <span
              class="MuiTouchRipple-root css-8je8zh-MuiTouchRipple-root"
            />
          </div>
        </div>
        <h3>
          Sortering
        </h3>
        <div
          class="filtercontainer"
        >
          <div
            class="filter"
          >
            <div
              aria-label="Stigende pris"
              class="MuiButtonBase-root MuiChip-root MuiChip-outlined MuiChip-sizeMedium MuiChip-colorDefault MuiChip-clickable MuiChip-clickableColorDefault MuiChip-outlinedDefault css-1r3mz6a-MuiButtonBase-root-MuiChip-root"
              data-testid="Stigende pris"
              role="button"
              tabindex="0"
            >
              <i
                class="MuiChip-icon MuiChip-iconMedium MuiChip-iconColorDefault fi fi-rr-arrow-trend-up"
              />
              <span
                class="MuiChip-label MuiChip-labelMedium css-6od3lo-MuiChip-label"
              >
                Stigende pris
              </span>
              <span
                class="MuiTouchRipple-root css-8je8zh-MuiTouchRipple-root"
              />
            </div>
            <div
              aria-label="Synkende pris"
              class="MuiButtonBase-root MuiChip-root MuiChip-outlined MuiChip-sizeMedium MuiChip-colorDefault MuiChip-clickable MuiChip-clickableColorDefault MuiChip-outlinedDefault css-1r3mz6a-MuiButtonBase-root-MuiChip-root"
              data-testid="Synkende pris"
              role="button"
              tabindex="0"
            >
              <i
                class="MuiChip-icon MuiChip-iconMedium MuiChip-iconColorDefault fi fi-rr-arrow-trend-down"
              />
              <span
                class="MuiChip-label MuiChip-labelMedium css-6od3lo-MuiChip-label"
              >
                Synkende pris
              </span>
              <span
                class="MuiTouchRipple-root css-8je8zh-MuiTouchRipple-root"
              />
            </div>
          </div>
          <div
            class="sliderContainer"
          >
            <p>
               Minimal pris
            </p>
            <div
              class="slider"
            >
              <span
                class="MuiSlider-root MuiSlider-colorPrimary MuiSlider-sizeMedium css-187mznn-MuiSlider-root"
              >
                <span
                  class="MuiSlider-rail css-14pt78w-MuiSlider-rail"
                />
                <span
                  class="MuiSlider-track css-1gv0vcd-MuiSlider-track"
                  style="left: 0%; width: 100%;"
                />
                <span
                  class="MuiSlider-thumb MuiSlider-thumbSizeMedium MuiSlider-thumbColorPrimary MuiSlider-thumb MuiSlider-thumbSizeMedium MuiSlider-thumbColorPrimary css-eg0mwd-MuiSlider-thumb"
                  data-index="0"
                  style="left: 0%;"
                >
                  <input
                    aria-orientation="horizontal"
                    aria-valuemax="200"
                    aria-valuemin="0"
                    aria-valuenow="0"
                    aria-valuetext="0"
                    data-index="0"
                    max="200"
                    min="0"
                    step="1"
                    style="border: 0px; height: 100%; margin: -1px; overflow: hidden; padding: 0px; position: absolute; white-space: nowrap; width: 100%; direction: ltr;"
                    type="range"
                    value="0"
                  />
                  <span
                    aria-hidden="true"
                    class="MuiSlider-valueLabel css-nnid7-MuiSlider-valueLabel"
                  >
                    <span
                      class="MuiSlider-valueLabelCircle"
                    >
                      <span
                        class="MuiSlider-valueLabelLabel"
                      >
                        0
                      </span>
                    </span>
                  </span>
                </span>
                <span
                  class="MuiSlider-thumb MuiSlider-thumbSizeMedium MuiSlider-thumbColorPrimary MuiSlider-thumb MuiSlider-thumbSizeMedium MuiSlider-thumbColorPrimary css-eg0mwd-MuiSlider-thumb"
                  data-index="1"
                  style="left: 100%;"
                >
                  <input
                    aria-orientation="horizontal"
                    aria-valuemax="200"
                    aria-valuemin="0"
                    aria-valuenow="200"
                    aria-valuetext="200"
                    data-index="1"
                    max="200"
                    min="0"
                    step="1"
                    style="border: 0px; height: 100%; margin: -1px; overflow: hidden; padding: 0px; position: absolute; white-space: nowrap; width: 100%; direction: ltr;"
                    type="range"
                    value="200"
                  />
                  <span
                    aria-hidden="true"
                    class="MuiSlider-valueLabel css-nnid7-MuiSlider-valueLabel"
                  >
                    <span
                      class="MuiSlider-valueLabelCircle"
                    >
                      <span
                        class="MuiSlider-valueLabelLabel"
                      >
                        200
                      </span>
                    </span>
                  </span>
                </span>
              </span>
            </div>
            <p>
              Maksimal pris
            </p>
          </div>
        </div>
      </div>
    </div>
  </body>,
  "container": <div>
    <div
      class="filterChips"
    >
      <h3>
        Kategori
      </h3>
      <div
        class="chips"
      >
        <div
          aria-label="Snacks & godteri"
          class="MuiButtonBase-root MuiChip-root MuiChip-outlined MuiChip-sizeMedium MuiChip-colorDefault MuiChip-clickable MuiChip-clickableColorDefault MuiChip-outlinedDefault css-1r3mz6a-MuiButtonBase-root-MuiChip-root"
          data-testid="Snacks & godteri"
          role="button"
          tabindex="0"
        >
          <i
            class="MuiChip-icon MuiChip-iconMedium MuiChip-iconColorDefault fi fi-rr-popcorn"
          />
          <span
            class="MuiChip-label MuiChip-labelMedium css-6od3lo-MuiChip-label"
          >
            Snacks & godteri
          </span>
          <span
            class="MuiTouchRipple-root css-8je8zh-MuiTouchRipple-root"
          />
        </div>
        <div
          aria-label="Personlige artikler"
          class="MuiButtonBase-root MuiChip-root MuiChip-outlined MuiChip-sizeMedium MuiChip-colorDefault MuiChip-clickable MuiChip-clickableColorDefault MuiChip-outlinedDefault css-1r3mz6a-MuiButtonBase-root-MuiChip-root"
          data-testid="Personlige artikler"
          role="button"
          tabindex="0"
        >
          <i
            class="MuiChip-icon MuiChip-iconMedium MuiChip-iconColorDefault fi fi-rr-soap"
          />
          <span
            class="MuiChip-label MuiChip-labelMedium css-6od3lo-MuiChip-label"
          >
            Personlige artikler
          </span>
          <span
            class="MuiTouchRipple-root css-8je8zh-MuiTouchRipple-root"
          />
        </div>
        <div
          aria-label="Kjøtt"
          class="MuiButtonBase-root MuiChip-root MuiChip-outlined MuiChip-sizeMedium MuiChip-colorDefault MuiChip-clickable MuiChip-clickableColorDefault MuiChip-outlinedDefault css-1r3mz6a-MuiButtonBase-root-MuiChip-root"
          data-testid="Kjøtt"
          role="button"
          tabindex="0"
        >
          <i
            class="MuiChip-icon MuiChip-iconMedium MuiChip-iconColorDefault fi fi-rr-meat"
          />
          <span
            class="MuiChip-label MuiChip-labelMedium css-6od3lo-MuiChip-label"
          >
            Kjøtt
          </span>
          <span
            class="MuiTouchRipple-root css-8je8zh-MuiTouchRipple-root"
          />
        </div>
        <div
          aria-label="Middag"
          class="MuiButtonBase-root MuiChip-root MuiChip-outlined MuiChip-sizeMedium MuiChip-colorDefault MuiChip-clickable MuiChip-clickableColorDefault MuiChip-outlinedDefault css-1r3mz6a-MuiButtonBase-root-MuiChip-root"
          data-testid="Middag"
          role="button"
          tabindex="0"
        >
          <i
            class="MuiChip-icon MuiChip-iconMedium MuiChip-iconColorDefault fi fi-rr-restaurant"
          />
          <span
            class="MuiChip-label MuiChip-labelMedium css-6od3lo-MuiChip-label"
          >
            Middag
          </span>
          <span
            class="MuiTouchRipple-root css-8je8zh-MuiTouchRipple-root"
          />
        </div>
        <div
          aria-label="Ost"
          class="MuiButtonBase-root MuiChip-root MuiChip-outlined MuiChip-sizeMedium MuiChip-colorDefault MuiChip-clickable MuiChip-clickableColorDefault MuiChip-outlinedDefault css-1r3mz6a-MuiButtonBase-root-MuiChip-root"
          data-testid="Ost"
          role="button"
          tabindex="0"
        >
          <i
            class="MuiChip-icon MuiChip-iconMedium MuiChip-iconColorDefault fi fi-rr-cheese"
          />
          <span
            class="MuiChip-label MuiChip-labelMedium css-6od3lo-MuiChip-label"
          >
            Ost
          </span>
          <span
            class="MuiTouchRipple-root css-8je8zh-MuiTouchRipple-root"
          />
        </div>
        <div
          aria-label="Dessert"
          class="MuiButtonBase-root MuiChip-root MuiChip-outlined MuiChip-sizeMedium MuiChip-colorDefault MuiChip-clickable MuiChip-clickableColorDefault MuiChip-outlinedDefault css-1r3mz6a-MuiButtonBase-root-MuiChip-root"
          data-testid="Dessert"
          role="button"
          tabindex="0"
        >
          <i
            class="MuiChip-icon MuiChip-iconMedium MuiChip-iconColorDefault fi fi-rs-pie"
          />
          <span
            class="MuiChip-label MuiChip-labelMedium css-6od3lo-MuiChip-label"
          >
            Dessert
          </span>
          <span
            class="MuiTouchRipple-root css-8je8zh-MuiTouchRipple-root"
          />
        </div>
        <div
          aria-label="Pålegg & frokost"
          class="MuiButtonBase-root MuiChip-root MuiChip-outlined MuiChip-sizeMedium MuiChip-colorDefault MuiChip-clickable MuiChip-clickableColorDefault MuiChip-outlinedDefault css-1r3mz6a-MuiButtonBase-root-MuiChip-root"
          data-testid="Pålegg & frokost"
          role="button"
          tabindex="0"
        >
          <i
            class="MuiChip-icon MuiChip-iconMedium MuiChip-iconColorDefault fi fi-rr-bread-slice"
          />
          <span
            class="MuiChip-label MuiChip-labelMedium css-6od3lo-MuiChip-label"
          >
            Pålegg & frokost
          </span>
          <span
            class="MuiTouchRipple-root css-8je8zh-MuiTouchRipple-root"
          />
        </div>
        <div
          aria-label="Middagstilbehør"
          class="MuiButtonBase-root MuiChip-root MuiChip-outlined MuiChip-sizeMedium MuiChip-colorDefault MuiChip-clickable MuiChip-clickableColorDefault MuiChip-outlinedDefault css-1r3mz6a-MuiButtonBase-root-MuiChip-root"
          data-testid="Middagstilbehør"
          role="button"
          tabindex="0"
        >
          <i
            class="MuiChip-icon MuiChip-iconMedium MuiChip-iconColorDefault fi fi-rr-sauce"
          />
          <span
            class="MuiChip-label MuiChip-labelMedium css-6od3lo-MuiChip-label"
          >
            Middagstilbehør
          </span>
          <span
            class="MuiTouchRipple-root css-8je8zh-MuiTouchRipple-root"
          />
        </div>
        <div
          aria-label="Drikke"
          class="MuiButtonBase-root MuiChip-root MuiChip-outlined MuiChip-sizeMedium MuiChip-colorDefault MuiChip-clickable MuiChip-clickableColorDefault MuiChip-outlinedDefault css-1r3mz6a-MuiButtonBase-root-MuiChip-root"
          data-testid="Drikke"
          role="button"
          tabindex="0"
        >
          <i
            class="MuiChip-icon MuiChip-iconMedium MuiChip-iconColorDefault fi fi-rr-drink-alt"
          />
          <span
            class="MuiChip-label MuiChip-labelMedium css-6od3lo-MuiChip-label"
          >
            Drikke
          </span>
          <span
            class="MuiTouchRipple-root css-8je8zh-MuiTouchRipple-root"
          />
        </div>
      </div>
      <h3>
        Sortering
      </h3>
      <div
        class="filtercontainer"
      >
        <div
          class="filter"
        >
          <div
            aria-label="Stigende pris"
            class="MuiButtonBase-root MuiChip-root MuiChip-outlined MuiChip-sizeMedium MuiChip-colorDefault MuiChip-clickable MuiChip-clickableColorDefault MuiChip-outlinedDefault css-1r3mz6a-MuiButtonBase-root-MuiChip-root"
            data-testid="Stigende pris"
            role="button"
            tabindex="0"
          >
            <i
              class="MuiChip-icon MuiChip-iconMedium MuiChip-iconColorDefault fi fi-rr-arrow-trend-up"
            />
            <span
              class="MuiChip-label MuiChip-labelMedium css-6od3lo-MuiChip-label"
            >
              Stigende pris
            </span>
            <span
              class="MuiTouchRipple-root css-8je8zh-MuiTouchRipple-root"
            />
          </div>
          <div
            aria-label="Synkende pris"
            class="MuiButtonBase-root MuiChip-root MuiChip-outlined MuiChip-sizeMedium MuiChip-colorDefault MuiChip-clickable MuiChip-clickableColorDefault MuiChip-outlinedDefault css-1r3mz6a-MuiButtonBase-root-MuiChip-root"
            data-testid="Synkende pris"
            role="button"
            tabindex="0"
          >
            <i
              class="MuiChip-icon MuiChip-iconMedium MuiChip-iconColorDefault fi fi-rr-arrow-trend-down"
            />
            <span
              class="MuiChip-label MuiChip-labelMedium css-6od3lo-MuiChip-label"
            >
              Synkende pris
            </span>
            <span
              class="MuiTouchRipple-root css-8je8zh-MuiTouchRipple-root"
            />
          </div>
        </div>
        <div
          class="sliderContainer"
        >
          <p>
             Minimal pris
          </p>
          <div
            class="slider"
          >
            <span
              class="MuiSlider-root MuiSlider-colorPrimary MuiSlider-sizeMedium css-187mznn-MuiSlider-root"
            >
              <span
                class="MuiSlider-rail css-14pt78w-MuiSlider-rail"
              />
              <span
                class="MuiSlider-track css-1gv0vcd-MuiSlider-track"
                style="left: 0%; width: 100%;"
              />
              <span
                class="MuiSlider-thumb MuiSlider-thumbSizeMedium MuiSlider-thumbColorPrimary MuiSlider-thumb MuiSlider-thumbSizeMedium MuiSlider-thumbColorPrimary css-eg0mwd-MuiSlider-thumb"
                data-index="0"
                style="left: 0%;"
              >
                <input
                  aria-orientation="horizontal"
                  aria-valuemax="200"
                  aria-valuemin="0"
                  aria-valuenow="0"
                  aria-valuetext="0"
                  data-index="0"
                  max="200"
                  min="0"
                  step="1"
                  style="border: 0px; height: 100%; margin: -1px; overflow: hidden; padding: 0px; position: absolute; white-space: nowrap; width: 100%; direction: ltr;"
                  type="range"
                  value="0"
                />
                <span
                  aria-hidden="true"
                  class="MuiSlider-valueLabel css-nnid7-MuiSlider-valueLabel"
                >
                  <span
                    class="MuiSlider-valueLabelCircle"
                  >
                    <span
                      class="MuiSlider-valueLabelLabel"
                    >
                      0
                    </span>
                  </span>
                </span>
              </span>
              <span
                class="MuiSlider-thumb MuiSlider-thumbSizeMedium MuiSlider-thumbColorPrimary MuiSlider-thumb MuiSlider-thumbSizeMedium MuiSlider-thumbColorPrimary css-eg0mwd-MuiSlider-thumb"
                data-index="1"
                style="left: 100%;"
              >
                <input
                  aria-orientation="horizontal"
                  aria-valuemax="200"
                  aria-valuemin="0"
                  aria-valuenow="200"
                  aria-valuetext="200"
                  data-index="1"
                  max="200"
                  min="0"
                  step="1"
                  style="border: 0px; height: 100%; margin: -1px; overflow: hidden; padding: 0px; position: absolute; white-space: nowrap; width: 100%; direction: ltr;"
                  type="range"
                  value="200"
                />
                <span
                  aria-hidden="true"
                  class="MuiSlider-valueLabel css-nnid7-MuiSlider-valueLabel"
                >
                  <span
                    class="MuiSlider-valueLabelCircle"
                  >
                    <span
                      class="MuiSlider-valueLabelLabel"
                    >
                      200
                    </span>
                  </span>
                </span>
              </span>
            </span>
          </div>
          <p>
            Maksimal pris
          </p>
        </div>
      </div>
    </div>
  </div>,
  "debug": [Function],
  "findAllByAltText": [Function],
  "findAllByDisplayValue": [Function],
  "findAllByLabelText": [Function],
  "findAllByPlaceholderText": [Function],
  "findAllByRole": [Function],
  "findAllByTestId": [Function],
  "findAllByText": [Function],
  "findAllByTitle": [Function],
  "findByAltText": [Function],
  "findByDisplayValue": [Function],
  "findByLabelText": [Function],
  "findByPlaceholderText": [Function],
  "findByRole": [Function],
  "findByTestId": [Function],
  "findByText": [Function],
  "findByTitle": [Function],
  "getAllByAltText": [Function],
  "getAllByDisplayValue": [Function],
  "getAllByLabelText": [Function],
  "getAllByPlaceholderText": [Function],
  "getAllByRole": [Function],
  "getAllByTestId": [Function],
  "getAllByText": [Function],
  "getAllByTitle": [Function],
  "getByAltText": [Function],
  "getByDisplayValue": [Function],
  "getByLabelText": [Function],
  "getByPlaceholderText": [Function],
  "getByRole": [Function],
  "getByTestId": [Function],
  "getByText": [Function],
  "getByTitle": [Function],
  "queryAllByAltText": [Function],
  "queryAllByDisplayValue": [Function],
  "queryAllByLabelText": [Function],
  "queryAllByPlaceholderText": [Function],
  "queryAllByRole": [Function],
  "queryAllByTestId": [Function],
  "queryAllByText": [Function],
  "queryAllByTitle": [Function],
  "queryByAltText": [Function],
  "queryByDisplayValue": [Function],
  "queryByLabelText": [Function],
  "queryByPlaceholderText": [Function],
  "queryByRole": [Function],
  "queryByTestId": [Function],
  "queryByText": [Function],
  "queryByTitle": [Function],
  "rerender": [Function],
  "unmount": [Function],
}
`;
